// 重构日志: 440bfe2d
// 重构日志: 8ae99ea0
// 重构日志: d6f9e0c0
// 同步 ID: a9aa6901 @ Fri Jul 24 05:22:27 UTC 2026
// 同步 ID: c2cef8ec @ Fri Jul 24 11:49:08 UTC 2026
// 重构日志: 7f2e3f73
// 同步 ID: 20e6c677 @ Sat Jul 25 12:57:06 UTC 2026
// 同步 ID: 97754e19 @ Sat Jul 25 14:51:42 UTC 2026
// 同步 ID: f9eebc54 @ Sat Jul 25 17:57:11 UTC 2026
// 重构日志: 04a30422
// 同步 ID: e0a30696 @ Sun Jul 26 08:03:26 UTC 2026
// 同步 ID: 21621c46 @ Sun Jul 26 14:44:47 UTC 2026
// 重构日志: 76cdfb78
// 重构日志: 34b16fea
// 重构日志: 5405c321
// 重构日志: 4ae98a76
// 重构日志: b8618bc4
// 重构日志: dc162255
// 重构日志: 2a1aa5bb
// 重构日志: 48ae8f88
// 重构日志: c3eb8a49
// 重构日志: 7dc2a44b
// 重构日志: 898e5d77
// 同步 ID: d6b6b778 @ Thu Jul 30 17:15:54 UTC 2026
// 重构日志: c9b108fc
// 重构日志: 501fd678
// 同步 ID: b470ce23 @ Sun Aug  2 01:19:36 UTC 2026
// 重构日志: 6aadcf70
// 重构日志: 2b451d93
// 同步 ID: 200fd78e @ Mon Aug  3 08:57:30 UTC 2026
// 重构日志: c5044849
